[     394ms] [ERROR] Failed to load resource: the server responded with a status of 404 () @ https://www.cultofmac.com/news/flighty-5-review/:0
[     733ms] [LOG] JQMIGRATE: Migrate is installed, version 3.4.1 @ https://www.cultofmac.com/wp-includes/js/jquery/jquery-migrate.min.js?ver=1759254860:1
[     904ms] [INFO] LSJS will be loaded @ https://js.codedrink.com/snippet.min.js?ver=345.20260402:0
[     907ms] [INFO] LSVersion: 2026.03.31 @ https://js.codedrink.com/snippet.min.js?ver=345.20260402:3
[     908ms] [INFO] LS resources loaded @ https://js.codedrink.com/snippet.min.js?ver=345.20260402:3
[    1061ms] [WARNING] [Meta Pixel] - You are sending a non-standard event 'EditorialView'. The preferred way to send these events is using trackCustom. See 'https://developers.facebook.com/docs/ads-for-websites/pixel-events/#events' for more information. @ https://js.codedrink.com/snippet.min.js?ver=345.20260402:3
[    1076ms] [ERROR] Failed to load resource: the server responded with a status of 400 () @ https://graph.facebook.com/?id=https://www.cultofmac.com/news/flighty-5-review/:0
[    1282ms] [WARNING] Google Deploy of the SharedId library has been deprecated. Please select another option in the GAM UI. If you use Prebid, we suggest the Prebid.js UserId option. If you do not, you may configure GAM to allow Google to share a first party user identifier with OB and AB participants, which is either the publisherProvidedId or the __gads value when that is missing. @ https://js.codedrink.com/snippet.min.js?ver=345.20260402:3
[    1323ms] [WARNING] [GPT] Using deprecated googletag.encryptedSignalProviders. Please use googletag.secureSignalProviders instead.
https://goo.gle/gpt-message#155 @ https://js.codedrink.com/snippet.min.js?ver=345.20260402:3
[    1351ms] [ERROR] Failed to load resource: the server responded with a status of 400 () @ https://ups.analytics.yahoo.com/ups/58813/fed?gpp_sid=-1&gdpr=false&gdpr_consent=&v=1&url=https%3A%2F%2Fwww.cultofmac.com%2Fnews%2Fflighty-5-review%2F:0
[    1362ms] [WARNING] [GPT] Using deprecated googletag.encryptedSignalProviders. Please use googletag.secureSignalProviders instead.
https://goo.gle/gpt-message#155 @ https://js.codedrink.com/snippet.min.js?ver=345.20260402:3
[    1613ms] [ERROR] Attestation check for Shared Storage on https://www.googleadservices.com failed. @ https://www.googleadservices.com/pagead/managed/js/activeview/current/reach_worklet.html:0
[    1620ms] [ERROR] Attestation check for Shared Storage on https://www.googleadservices.com failed. @ https://www.googleadservices.com/pagead/managed/js/activeview/current/reach_worklet.html:0
[    1621ms] [ERROR] Attestation check for Shared Storage on https://www.googleadservices.com failed. @ https://www.googleadservices.com/pagead/managed/js/activeview/current/reach_worklet.html:0
[    1802ms] [ERROR] Failed to load resource: net::ERR_CONNECTION_REFUSED @ https://sync.cootlogix.com/api/cookie?partnerId=openx&userId=bd1e4c8f-082e-4954-808a-365359bb4b53:0
[    1613ms] [ERROR] Attestation check for Shared Storage on https://www.googleadservices.com failed. @ https://www.googleadservices.com/pagead/managed/js/activeview/current/reach_worklet.html:0
[    1620ms] [ERROR] Attestation check for Shared Storage on https://www.googleadservices.com failed. @ https://www.googleadservices.com/pagead/managed/js/activeview/current/reach_worklet.html:0
[    1621ms] [ERROR] Attestation check for Shared Storage on https://www.googleadservices.com failed. @ https://www.googleadservices.com/pagead/managed/js/activeview/current/reach_worklet.html:0
[    1920ms] [ERROR] Attestation check for Shared Storage on https://www.googleadservices.com failed. @ https://www.googleadservices.com/pagead/managed/js/activeview/current/reach_worklet.html:0
[    1613ms] [ERROR] Attestation check for Shared Storage on https://www.googleadservices.com failed. @ https://www.googleadservices.com/pagead/managed/js/activeview/current/reach_worklet.html:0
[    1620ms] [ERROR] Attestation check for Shared Storage on https://www.googleadservices.com failed. @ https://www.googleadservices.com/pagead/managed/js/activeview/current/reach_worklet.html:0
[    1621ms] [ERROR] Attestation check for Shared Storage on https://www.googleadservices.com failed. @ https://www.googleadservices.com/pagead/managed/js/activeview/current/reach_worklet.html:0
[    1920ms] [ERROR] Attestation check for Shared Storage on https://www.googleadservices.com failed. @ https://www.googleadservices.com/pagead/managed/js/activeview/current/reach_worklet.html:0
[    1954ms] [ERROR] Attestation check for Shared Storage on https://www.googleadservices.com failed. @ https://www.googleadservices.com/pagead/managed/js/activeview/current/reach_worklet.html:0
[    1613ms] [ERROR] Attestation check for Shared Storage on https://www.googleadservices.com failed. @ https://www.googleadservices.com/pagead/managed/js/activeview/current/reach_worklet.html:0
[    1620ms] [ERROR] Attestation check for Shared Storage on https://www.googleadservices.com failed. @ https://www.googleadservices.com/pagead/managed/js/activeview/current/reach_worklet.html:0
[    1621ms] [ERROR] Attestation check for Shared Storage on https://www.googleadservices.com failed. @ https://www.googleadservices.com/pagead/managed/js/activeview/current/reach_worklet.html:0
[    1920ms] [ERROR] Attestation check for Shared Storage on https://www.googleadservices.com failed. @ https://www.googleadservices.com/pagead/managed/js/activeview/current/reach_worklet.html:0
[    1954ms] [ERROR] Attestation check for Shared Storage on https://www.googleadservices.com failed. @ https://www.googleadservices.com/pagead/managed/js/activeview/current/reach_worklet.html:0
[    2030ms] [ERROR] Attestation check for Shared Storage on https://www.googleadservices.com failed. @ https://www.googleadservices.com/pagead/managed/js/activeview/current/reach_worklet.html:0
[    3155ms] [ERROR] Failed to load resource: the server responded with a status of 400 () @ https://ups.analytics.yahoo.com/ups/58713/fed?v=1&1p=0&gdpr=0&gdpr_consent=&us_privacy=&url=https://www.cultofmac.com/news/flighty-5-review/&pixelId=58713&he=421540393d1913f28da583d41c8d09572ea4815eb294455be6996b4411a7699c:0
[    3361ms] Uncaught TypeError: Cannot create property 'refresh' on string 'ec1D9ucUNMJHTHOZ_SsV8b8JgXUCnu7hKvdkzoCh2fB1V7oLcvGEwMYOxrKWLy2BEcXlUbL15gg7Tk'
    at value (https://secure.cdn.fastclick.net/js/cnvr-coreid/latest/coreid.min.js:1:132184)
    at l.startRefresh (https://secure.cdn.fastclick.net/js/cnvr-coreid/latest/coreid.min.js:1:150049)
    at <anonymous> (https://secure.cdn.fastclick.net/js/cnvr-coreid/latest/coreid.min.js:1:150633)
    at <anonymous> (https://secure.cdn.fastclick.net/js/cnvr-coreid/latest/coreid.min.js:1:150649)
    at <anonymous> (https://secure.cdn.fastclick.net/js/cnvr-coreid/latest/coreid.min.js:1:150689)
    at <anonymous> (https://secure.cdn.fastclick.net/js/cnvr-coreid/latest/coreid.min.js:1:150693)
[    3713ms] [ERROR] Attestation check for Protected Audience on https://ads.yieldmo.com failed. @ https://www.cultofmac.com/news/flighty-5-review/:0
[    3716ms] [ERROR] Attestation check for Protected Audience on https://targeting.unrulymedia.com failed. @ https://www.cultofmac.com/news/flighty-5-review/:0
[    3716ms] [ERROR] Attestation check for Protected Audience on https://prebid.ad.smaato.net failed. @ https://www.cultofmac.com/news/flighty-5-review/:0
[    3716ms] [ERROR] Attestation check for Protected Audience on https://ssp.disqus.com failed. @ https://www.cultofmac.com/news/flighty-5-review/:0
[    3716ms] [ERROR] Attestation check for Protected Audience on https://prebid.smilewanted.com failed. @ https://www.cultofmac.com/news/flighty-5-review/:0
[    3716ms] [ERROR] Attestation check for Protected Audience on https://onetag-sys.com failed. @ https://www.cultofmac.com/news/flighty-5-review/:0
[    3716ms] [ERROR] Attestation check for Protected Audience on https://htlb.casalemedia.com failed. @ https://www.cultofmac.com/news/flighty-5-review/:0
[    3716ms] [ERROR] Attestation check for Protected Audience on https://tlx.3lift.com failed. @ https://www.cultofmac.com/news/flighty-5-review/:0
[    3716ms] [ERROR] Attestation check for Protected Audience on https://prebid.trustedstack.com failed. @ https://www.cultofmac.com/news/flighty-5-review/:0
[    3716ms] [ERROR] Attestation check for Protected Audience on https://direct.adsrvr.org failed. @ https://www.cultofmac.com/news/flighty-5-review/:0
[    3716ms] [ERROR] Attestation check for Protected Audience on https://hbopenbid.pubmatic.com failed. @ https://www.cultofmac.com/news/flighty-5-review/:0
[    3741ms] [ERROR] Failed to load resource: the server responded with a status of 404 () @ https://js-sec.indexww.com/prebid/topics/topics_frame.html?bidder=ix:0
[    3744ms] [ERROR] Failed to load resource: the server responded with a status of 404 () @ https://eb2.3lift.com/topics/topics_frame.html?bidder=triplelift:0
[    3745ms] [ERROR] Mixed Content: The page at 'https://www.cultofmac.com/news/flighty-5-review/' was loaded over HTTPS, but requested an insecure frame 'http://www.optmd.com/'. This request has been blocked; the content must be served over HTTPS. @ https://js-sec.indexww.com/prebid/topics/topics_frame.html?bidder=ix:0
[    3752ms] [LOG] Called iframe: ads.pubmatic.com [] 
Number of topics:  0 @ https://ads.pubmatic.com/AdServer/js/topics/topics_frame.html?bidder=pubmatic:19
[    1802ms] [ERROR] Failed to load resource: net::ERR_CONNECTION_REFUSED @ https://sync.cootlogix.com/api/cookie?partnerId=openx&userId=bd1e4c8f-082e-4954-808a-365359bb4b53:0
[    3765ms] [LOG] Called iframe: pa.openx.net [] 
Number of topics:  0 @ https://pa.openx.net/topics_frame.html?bidder=openx:15
[    3866ms] [LOG] Called iframe: onetag-sys.com [] 
Number of topics:  0 @ https://onetag-sys.com/static/topicsapi.html?bidder=onetag:13
[    3894ms] [ERROR] Attestation check for Protected Audience on https://rtb.openx.net failed. @ https://www.cultofmac.com/news/flighty-5-review/:0
[    3894ms] [ERROR] Attestation check for Protected Audience on https://rtb.openx.net failed. @ https://www.cultofmac.com/news/flighty-5-review/:0
[    3894ms] [ERROR] Attestation check for Protected Audience on https://rtb.openx.net failed. @ https://www.cultofmac.com/news/flighty-5-review/:0
[    3894ms] [ERROR] Attestation check for Protected Audience on https://rtb.openx.net failed. @ https://www.cultofmac.com/news/flighty-5-review/:0
[    3894ms] [ERROR] Attestation check for Protected Audience on https://rtb.openx.net failed. @ https://www.cultofmac.com/news/flighty-5-review/:0
[    3894ms] [ERROR] Attestation check for Protected Audience on https://ads.yieldmo.com failed. @ https://www.cultofmac.com/news/flighty-5-review/:0
[    3894ms] [ERROR] Attestation check for Protected Audience on https://ads.yieldmo.com failed. @ https://www.cultofmac.com/news/flighty-5-review/:0
[    3894ms] [ERROR] Attestation check for Protected Audience on https://prebid.cootlogix.com failed. @ https://www.cultofmac.com/news/flighty-5-review/:0
[    3894ms] [ERROR] Attestation check for Protected Audience on https://prebid-server.rubiconproject.com failed. @ https://www.cultofmac.com/news/flighty-5-review/:0
[    3894ms] [ERROR] Attestation check for Protected Audience on https://prebid.media.net failed. @ https://www.cultofmac.com/news/flighty-5-review/:0
[    3894ms] [ERROR] Attestation check for Protected Audience on https://htlb.casalemedia.com failed. @ https://www.cultofmac.com/news/flighty-5-review/:0
[    3894ms] [ERROR] Attestation check for Protected Audience on https://apex.go.sonobi.com failed. @ https://www.cultofmac.com/news/flighty-5-review/:0
[    3894ms] [ERROR] Attestation check for Protected Audience on https://direct.adsrvr.org failed. @ https://www.cultofmac.com/news/flighty-5-review/:0
[    3894ms] [ERROR] Attestation check for Protected Audience on https://hb.minutemedia-prebid.com failed. @ https://www.cultofmac.com/news/flighty-5-review/:0
[    3894ms] [ERROR] Attestation check for Protected Audience on https://prebid.smilewanted.com failed. @ https://www.cultofmac.com/news/flighty-5-review/:0
[    3898ms] [ERROR] Attestation check for Protected Audience on https://hbopenbid.pubmatic.com failed. @ https://www.cultofmac.com/news/flighty-5-review/:0
[    3899ms] [ERROR] Attestation check for Protected Audience on https://grid-bidder.criteo.com failed. @ https://www.cultofmac.com/news/flighty-5-review/:0
[    3923ms] [ERROR] Failed to load resource: net::ERR_CONNECTION_REFUSED @ https://prebid.cootlogix.com/prebid/multi/65e0b2bca75f5ab7566d9d63:0
[    4174ms] [WARNING] [Audigent] cannot find __gpp framework @ https://js.codedrink.com/snippet.min.js?ver=345.20260402:3
[    4184ms] [ERROR] Failed to load resource: the server responded with a status of 400 (Bad Request) @ https://match.prod.bidr.io/cookie-sync/syn:0
[    4205ms] [ERROR] Failed to load resource: the server responded with a status of 404 () @ https://x.bidswitch.net/sync?ssp=synacor&user_id=1F37420775AE4407B6102DF606884450:0
[    4265ms] [ERROR] Failed to load resource: net::ERR_CONNECTION_REFUSED @ https://sync.cootlogix.com/api/cookie?partnerId=omg-carbonatix&gdpr=%%gdpr%%&gdpr_consent=%%gdprConsent%%&us_privacy=%%usPrivacy%%&userId=c832b7b7-303e-457a-b90c-929c66d57b76:0
[    4280ms] [ERROR] Failed to load resource: the server responded with a status of 404 () @ https://cs.krushmedia.com/4831fbf13dd518a56346a6e0ec8ba9d5.gif?puid=ID5-1-23b5eec2-be02-440e-91a1-e10cec72f472&redir=https%3A%2F%2Fsync.inmobi.com%2Fsetuid%3FbidderID%3D1315%26dspUserId%3D%5BUID%5D&gdpr=0&gdpr_consent=:0
[    4461ms] [ERROR] Failed to load resource: the server responded with a status of 400 () @ https://cm.mgid.com/m?cdsp=834149&c=2dbe29c6-e008-4ca2-8906-4e9051e4f58b:0
[    4808ms] [ERROR] Failed to load resource: the server responded with a status of 400 () @ https://ups.analytics.yahoo.com/ups/58713/fed?v=1&1p=0&gdpr=0&gdpr_consent=&us_privacy=&url=https://www.cultofmac.com/news/flighty-5-review/&pixelId=58713&he=421540393d1913f28da583d41c8d09572ea4815eb294455be6996b4411a7699c:0
[    5305ms] [ERROR] Attestation check for Shared Storage on https://securepubads.g.doubleclick.net failed. @ https://imasdk.googleapis.com/js/core/bridge3.754.1_en.html#deid=%22%22&eventfe_experiment_ids=%5B%5D&fid=%22goog_945061050%22&genotype_experiment_data=%7B%22experimentStateProto%22%3A%22%5B%5B%5B45713128%2Cnull%2Cnull%2C%5B%5D%5D%2C%5Bnull%2C745150931%2Cnull%2C%5Bnull%2C1%5D%5D%2C%5Bnull%2C749060184%2Cnull%2C%5Bnull%2C128%5D%5D%2C%5B841585769%2Cnull%2Cnull%2C%5B1%5D%5D%2C%5B45761044%2Cnull%2Cnull%2C%5B%5D%5D%2C%5B45722344%2Cnull%2Cnull%2C%5B%5D%5D%2C%5B45706017%2Cnull%2Cnull%2C%5B1%5D%5D%2C%5B45668885%2Cnull%2Cnull%2C%5B%5D%5D%2C%5B45685340%2Cnull%2Cnull%2C%5B%5D%5D%2C%5B45765927%2Cnull%2Cnull%2C%5B%5D%5D%2C%5B45734716%2Cnull%2Cnull%2C%5B%5D%5D%2C%5B45735891%2Cnull%2Cnull%2C%5B%5D%5D%2C%5B45663239%2Cnull%2Cnull%2C%5B%5D%5D%2C%5B45715032%2Cnull%2Cnull%2C%5B1%5D%5D%2C%5B45661356%2Cnull%2Cnull%2C%5B%5D%5D%2C%5B839547366%2Cnull%2Cnull%2C%5B1%5D%5D%2C%5B45676441%2Cnull%2Cnull%2C%5B%5D%5D%2C%5Bnull%2C45645574%2Cnull%2C%5B%5D%5D%2C%5B45688859%2Cnull%2Cnull%2C%5B%5D%5D%2C%5B45656766%2Cnull%2Cnull%2C%5B%5D%5D%2C%5B45710689%2Cnull%2Cnull%2C%5B%5D%5D%2C%5B45710688%2Cnull%2Cnull%2C%5B1%5D%5D%2C%5B45685601%2Cnull%2Cnull%2C%5B%5D%5D%2C%5Bnull%2C45685602%2Cnull%2C%5Bnull%2C500%5D%5D%2C%5Bnull%2C45767902%2Cnull%2C%5Bnull%2C500%5D%5D%2C%5B45756824%2Cnull%2Cnull%2C%5B%5D%5D%2C%5B45747172%2Cnull%2Cnull%2C%5B%5D%5D%2C%5B775241416%2Cnull%2Cnull%2C%5B%5D%5D%2C%5B781107959%2Cnull%2Cnull%2C%5B%5D%5D%2C%5B781107958%2Cnull%2Cnull%2C%5B%5D%5D%2C%5B792614055%2Cnull%2Cnull%2C%5B%5D%5D%2C%5B781107957%2Cnull%2Cnull%2C%5B%5D%5D%2C%5B45729602%2Cnull%2Cnull%2C%5B%5D%5D%2C%5B45753603%2Cnull%2Cnull%2C%5B%5D%5D%2C%5B45753604%2Cnull%2Cnull%2C%5B%5D%5D%2C%5B45658982%2Cnull%2Cnull%2C%5B%5D%5D%2C%5B45725657%2Cnull%2Cnull%2C%5B%5D%5D%5D%2C%5B%5B16%2C%5B%5B1%2C%5B%5B31089630%5D%2C%5B31089631%2C%5B%5B45668885%2Cnull%2Cnull%2C%5B1%5D%5D%5D%5D%5D%5D%2C%5B1000%2C%5B%5B95332046%5D%5D%5D%2C%5Bnull%2C%5B%5B95332047%5D%5D%5D%2C%5B10%2C%5B%5B95338769%2C%5B%5Bnull%2C45645574%2Cnull%2C%5Bnull%2C1%5D%5D%5D%5D%2C%5B95338770%2C%5B%5Bnull%2C45645574%2Cnull%2C%5Bnull%2C2%5D%5D%5D%5D%5D%5D%2C%5B50%2C%5B%5B95345206%5D%2C%5B95345207%2C%5B%5B45661356%2Cnull%2Cnull%2C%5B1%5D%5D%5D%5D%5D%5D%2C%5B1%2C%5B%5B95351425%5D%2C%5B95351426%2C%5B%5B45676441%2Cnull%2Cnull%2C%5B1%5D%5D%5D%5D%5D%5D%2C%5B20%2C%5B%5B95356068%5D%2C%5B95356069%2C%5B%5B45685601%2Cnull%2Cnull%2C%5B%5D%5D%2C%5Bnull%2C45685602%2Cnull%2C%5B%5D%5D%5D%5D%2C%5B95356070%2C%5B%5B45685601%2Cnull%2Cnull%2C%5B1%5D%5D%2C%5Bnull%2C45685602%2Cnull%2C%5B%5D%5D%5D%5D%2C%5B95356071%2C%5B%5B45685601%2Cnull%2Cnull%2C%5B1%5D%5D%2C%5Bnull%2C45685602%2Cnull%2C%5Bnull%2C100%5D%5D%5D%5D%5D%5D%2C%5B1%2C%5B%5B95373378%2C%5B%5B792614055%2Cnull%2Cnull%2C%5B1%5D%5D%5D%5D%2C%5B95373379%2C%5B%5B45747172%2Cnull%2Cnull%2C%5B1%5D%5D%2C%5B781107959%2Cnull%2Cnull%2C%5B1%5D%5D%2C%5B792614055%2Cnull%2Cnull%2C%5B1%5D%5D%2C%5B781107957%2Cnull%2Cnull%2C%5B1%5D%5D%5D%5D%5D%5D%2C%5B10%2C%5B%5B95378629%5D%2C%5B95378630%2C%5B%5B45729602%2Cnull%2Cnull%2C%5B1%5D%5D%5D%5D%2C%5B95381582%2C%5B%5B45729602%2Cnull%2Cnull%2C%5B1%5D%5D%2C%5B45753603%2Cnull%2Cnull%2C%5B1%5D%5D%5D%5D%2C%5B95381583%2C%5B%5B45729602%2Cnull%2Cnull%2C%5B1%5D%5D%2C%5B45753604%2Cnull%2Cnull%2C%5B1%5D%5D%5D%5D%5D%5D%2C%5B10%2C%5B%5B95382403%5D%2C%5B95386528%2C%5B%5Bnull%2C45767902%2Cnull%2C%5B%5D%5D%2C%5B45756824%2Cnull%2Cnull%2C%5B1%5D%5D%5D%5D%2C%5B95386532%2C%5B%5Bnull%2C45767902%2Cnull%2C%5Bnull%2C100%5D%5D%2C%5B45756824%2Cnull%2Cnull%2C%5B1%5D%5D%5D%5D%2C%5B95386533%2C%5B%5Bnull%2C45767902%2Cnull%2C%5Bnull%2C300%5D%5D%2C%5B45756824%2Cnull%2Cnull%2C%5B1%5D%5D%5D%5D%2C%5B95386534%2C%5B%5Bnull%2C45767902%2Cnull%2C%5Bnull%2C500%5D%5D%2C%5B45756824%2Cnull%2Cnull%2C%5B1%5D%5D%5D%5D%5D%5D%2C%5Bnull%2C%5B%5B95384561%5D%2C%5B95384562%2C%5B%5B846355750%2Cnull%2Cnull%2C%5B1%5D%5D%5D%5D%5D%5D%2C%5B10%2C%5B%5B95385117%5D%2C%5B95385118%2C%5B%5B45761044%2Cnull%2Cnull%2C%5B1%5D%5D%5D%5D%5D%5D%2C%5Bnull%2C%5B%5B95385193%5D%2C%5B95385194%2C%5B%5B45765927%2Cnull%2Cnull%2C%5B1%5D%5D%5D%5D%5D%5D%5D%5D%5D%2Cnull%2Cnull%2C%5Bnull%2C1000%2C1%2C1000%5D%5D%22%7D&imalib_experiments=%5B95334215%2C95322027%2C95331589%2C95332046%2C95338770%2C95356071%2C95386533%2C95340253%2C95340255%5D&is_eap_loader=false&managed_js_experiment_id=0&page_correlator=1037471165004294&pvsid=814761359476646&top_accessible_page_url=%22https%3A%2F%2Fwww.cultofmac.com%2Fnews%2Fflighty-5-review%2F%22:0
[    5616ms] [LOG] packaged on: Tue, 04 Jun 2024 20:07:41 GMT; local timezone: GMT -3 hours @ https://s-static.innovid.com/mobileapps/s/js/vpaid/23s33h?cb=9a893acd-67d7-b587-dec6-8e7cfb840c1d&deviceid=&ivc=ivc_bundle%3D%26ivc_geo_zip_us%3D60637%26audience_id%3D188392396%26iv_geo_dma%3D602%26iv_geo_country%3DUS%26iv_geo_city%3Dchicago%26iv_geo_state%3D%26iv_geo_zip%3D60637%26iv_geo_lat%3D41.7821%26iv_geo_lon%3D-87.6046%26iv_weather_temp_c%3D4%26iv_weather_code%3D122%26:656
[    5617ms] [LOG] vpaid @ https://s-static.innovid.com/mobileapps/s/js/vpaid/23s33h?cb=9a893acd-67d7-b587-dec6-8e7cfb840c1d&deviceid=&ivc=ivc_bundle%3D%26ivc_geo_zip_us%3D60637%26audience_id%3D188392396%26iv_geo_dma%3D602%26iv_geo_country%3DUS%26iv_geo_city%3Dchicago%26iv_geo_state%3D%26iv_geo_zip%3D60637%26iv_geo_lat%3D41.7821%26iv_geo_lon%3D-87.6046%26iv_weather_temp_c%3D4%26iv_weather_code%3D122%26:812
[    5617ms] [LOG] endcard------- false @ https://s-static.innovid.com/mobileapps/s/js/vpaid/23s33h?cb=9a893acd-67d7-b587-dec6-8e7cfb840c1d&deviceid=&ivc=ivc_bundle%3D%26ivc_geo_zip_us%3D60637%26audience_id%3D188392396%26iv_geo_dma%3D602%26iv_geo_country%3DUS%26iv_geo_city%3Dchicago%26iv_geo_state%3D%26iv_geo_zip%3D60637%26iv_geo_lat%3D41.7821%26iv_geo_lon%3D-87.6046%26iv_weather_temp_c%3D4%26iv_weather_code%3D122%26:814
[    5617ms] [LOG] !! main started 1775091789.183 @ https://s-static.innovid.com/mobileapps/s/js/vpaid/23s33h?cb=9a893acd-67d7-b587-dec6-8e7cfb840c1d&deviceid=&ivc=ivc_bundle%3D%26ivc_geo_zip_us%3D60637%26audience_id%3D188392396%26iv_geo_dma%3D602%26iv_geo_country%3DUS%26iv_geo_city%3Dchicago%26iv_geo_state%3D%26iv_geo_zip%3D60637%26iv_geo_lat%3D41.7821%26iv_geo_lon%3D-87.6046%26iv_weather_temp_c%3D4%26iv_weather_code%3D122%26:818
[    5618ms] [WARNING] The key "target-densitydpi" is not supported. @ https://s-static.innovid.com/mobileapps/s/js/vpaid/23s33h?cb=9a893acd-67d7-b587-dec6-8e7cfb840c1d&deviceid=&ivc=ivc_bundle%3D%26ivc_geo_zip_us%3D60637%26audience_id%3D188392396%26iv_geo_dma%3D602%26iv_geo_country%3DUS%26iv_geo_city%3Dchicago%26iv_geo_state%3D%26iv_geo_zip%3D60637%26iv_geo_lat%3D41.7821%26iv_geo_lon%3D-87.6046%26iv_weather_temp_c%3D4%26iv_weather_code%3D122%26:31
[    5752ms] [LOG] !! open dummy slate 1775091789.318 @ https://s-static.innovid.com/mobileapps/s/js/vpaid/23s33h?cb=9a893acd-67d7-b587-dec6-8e7cfb840c1d&deviceid=&ivc=ivc_bundle%3D%26ivc_geo_zip_us%3D60637%26audience_id%3D188392396%26iv_geo_dma%3D602%26iv_geo_country%3DUS%26iv_geo_city%3Dchicago%26iv_geo_state%3D%26iv_geo_zip%3D60637%26iv_geo_lat%3D41.7821%26iv_geo_lon%3D-87.6046%26iv_weather_temp_c%3D4%26iv_weather_code%3D122%26:778
[    3744ms] [ERROR] Failed to load resource: the server responded with a status of 404 () @ https://eb2.3lift.com/topics/topics_frame.html?bidder=triplelift:0
[    6106ms] [TIMEEND] a: 0.0009765625 ms @ https://static.adsafeprotected.com/sca.17.6.4.js:31
[    6156ms] [LOG] loadCarsData success {CarsData: Object, General: Object} @ https://s-static.innovid.com/mobileapps/s/js/vpaid/23s33h?cb=9a893acd-67d7-b587-dec6-8e7cfb840c1d&deviceid=&ivc=ivc_bundle%3D%26ivc_geo_zip_us%3D60637%26audience_id%3D188392396%26iv_geo_dma%3D602%26iv_geo_country%3DUS%26iv_geo_city%3Dchicago%26iv_geo_state%3D%26iv_geo_zip%3D60637%26iv_geo_lat%3D41.7821%26iv_geo_lon%3D-87.6046%26iv_weather_temp_c%3D4%26iv_weather_code%3D122%26:829
[    6156ms] [LOG] !! carsdata loaded 1775091789.722 @ https://s-static.innovid.com/mobileapps/s/js/vpaid/23s33h?cb=9a893acd-67d7-b587-dec6-8e7cfb840c1d&deviceid=&ivc=ivc_bundle%3D%26ivc_geo_zip_us%3D60637%26audience_id%3D188392396%26iv_geo_dma%3D602%26iv_geo_country%3DUS%26iv_geo_city%3Dchicago%26iv_geo_state%3D%26iv_geo_zip%3D60637%26iv_geo_lat%3D41.7821%26iv_geo_lon%3D-87.6046%26iv_weather_temp_c%3D4%26iv_weather_code%3D122%26:829
[    6156ms] [LOG] close @ https://s-static.innovid.com/mobileapps/s/js/vpaid/23s33h?cb=9a893acd-67d7-b587-dec6-8e7cfb840c1d&deviceid=&ivc=ivc_bundle%3D%26ivc_geo_zip_us%3D60637%26audience_id%3D188392396%26iv_geo_dma%3D602%26iv_geo_country%3DUS%26iv_geo_city%3Dchicago%26iv_geo_state%3D%26iv_geo_zip%3D60637%26iv_geo_lat%3D41.7821%26iv_geo_lon%3D-87.6046%26iv_weather_temp_c%3D4%26iv_weather_code%3D122%26:778
[    6291ms] [ERROR] Attestation check for Protected Audience on https://ads.yieldmo.com failed. @ https://www.cultofmac.com/news/flighty-5-review/:0
[    6291ms] [ERROR] Attestation check for Protected Audience on https://ads.yieldmo.com failed. @ https://www.cultofmac.com/news/flighty-5-review/:0
[    6291ms] [ERROR] Attestation check for Protected Audience on https://hb.minutemedia-prebid.com failed. @ https://www.cultofmac.com/news/flighty-5-review/:0
[    6291ms] [ERROR] Attestation check for Protected Audience on https://prebid.cootlogix.com failed. @ https://www.cultofmac.com/news/flighty-5-review/:0
[    6291ms] [ERROR] Attestation check for Protected Audience on https://prebid.smilewanted.com failed. @ https://www.cultofmac.com/news/flighty-5-review/:0
[    6291ms] [ERROR] Attestation check for Protected Audience on https://apex.go.sonobi.com failed. @ https://www.cultofmac.com/news/flighty-5-review/:0
[    6291ms] [ERROR] Attestation check for Protected Audience on https://htlb.casalemedia.com failed. @ https://www.cultofmac.com/news/flighty-5-review/:0
[    6291ms] [ERROR] Attestation check for Protected Audience on https://rtb.openx.net failed. @ https://www.cultofmac.com/news/flighty-5-review/:0
[    6291ms] [ERROR] Attestation check for Protected Audience on https://rtb.openx.net failed. @ https://www.cultofmac.com/news/flighty-5-review/:0
[    6291ms] [ERROR] Attestation check for Protected Audience on https://rtb.openx.net failed. @ https://www.cultofmac.com/news/flighty-5-review/:0
[    6291ms] [ERROR] Attestation check for Protected Audience on https://rtb.openx.net failed. @ https://www.cultofmac.com/news/flighty-5-review/:0
[    6291ms] [ERROR] Attestation check for Protected Audience on https://rtb.openx.net failed. @ https://www.cultofmac.com/news/flighty-5-review/:0
[    6291ms] [ERROR] Attestation check for Protected Audience on https://prebid-server.rubiconproject.com failed. @ https://www.cultofmac.com/news/flighty-5-review/:0
[    6291ms] [ERROR] Attestation check for Protected Audience on https://prebid.media.net failed. @ https://www.cultofmac.com/news/flighty-5-review/:0
[    6291ms] [ERROR] Attestation check for Protected Audience on https://direct.adsrvr.org failed. @ https://www.cultofmac.com/news/flighty-5-review/:0
[    6293ms] [ERROR] Attestation check for Protected Audience on https://hbopenbid.pubmatic.com failed. @ https://www.cultofmac.com/news/flighty-5-review/:0
[    6293ms] [ERROR] Attestation check for Protected Audience on https://grid-bidder.criteo.com failed. @ https://www.cultofmac.com/news/flighty-5-review/:0
[    6294ms] [ERROR] Failed to load resource: net::ERR_CONNECTION_REFUSED @ https://prebid.cootlogix.com/prebid/multi/65e0b2bca75f5ab7566d9d63:0
[    6296ms] [LOG] !! canvas started 1775091789.862 @ https://s-static.innovid.com/mobileapps/s/js/vpaid/23s33h?cb=9a893acd-67d7-b587-dec6-8e7cfb840c1d&deviceid=&ivc=ivc_bundle%3D%26ivc_geo_zip_us%3D60637%26audience_id%3D188392396%26iv_geo_dma%3D602%26iv_geo_country%3DUS%26iv_geo_city%3Dchicago%26iv_geo_state%3D%26iv_geo_zip%3D60637%26iv_geo_lat%3D41.7821%26iv_geo_lon%3D-87.6046%26iv_weather_temp_c%3D4%26iv_weather_code%3D122%26:734
[    6296ms] [LOG] scope vpaid @ https://s-static.innovid.com/mobileapps/s/js/vpaid/23s33h?cb=9a893acd-67d7-b587-dec6-8e7cfb840c1d&deviceid=&ivc=ivc_bundle%3D%26ivc_geo_zip_us%3D60637%26audience_id%3D188392396%26iv_geo_dma%3D602%26iv_geo_country%3DUS%26iv_geo_city%3Dchicago%26iv_geo_state%3D%26iv_geo_zip%3D60637%26iv_geo_lat%3D41.7821%26iv_geo_lon%3D-87.6046%26iv_weather_temp_c%3D4%26iv_weather_code%3D122%26:745
[    6297ms] [LOG] Initial background-image:  @ https://s-static.innovid.com/mobileapps/s/js/vpaid/23s33h?cb=9a893acd-67d7-b587-dec6-8e7cfb840c1d&deviceid=&ivc=ivc_bundle%3D%26ivc_geo_zip_us%3D60637%26audience_id%3D188392396%26iv_geo_dma%3D602%26iv_geo_country%3DUS%26iv_geo_city%3Dchicago%26iv_geo_state%3D%26iv_geo_zip%3D60637%26iv_geo_lat%3D41.7821%26iv_geo_lon%3D-87.6046%26iv_weather_temp_c%3D4%26iv_weather_code%3D122%26:747
[    6297ms] [LOG] !! el show 1775091789.864 @ https://s-static.innovid.com/mobileapps/s/js/vpaid/23s33h?cb=9a893acd-67d7-b587-dec6-8e7cfb840c1d&deviceid=&ivc=ivc_bundle%3D%26ivc_geo_zip_us%3D60637%26audience_id%3D188392396%26iv_geo_dma%3D602%26iv_geo_country%3DUS%26iv_geo_city%3Dchicago%26iv_geo_state%3D%26iv_geo_zip%3D60637%26iv_geo_lat%3D41.7821%26iv_geo_lon%3D-87.6046%26iv_weather_temp_c%3D4%26iv_weather_code%3D122%26:735
[    1802ms] [ERROR] Failed to load resource: net::ERR_CONNECTION_REFUSED @ https://sync.cootlogix.com/api/cookie?partnerId=openx&userId=bd1e4c8f-082e-4954-808a-365359bb4b53:0
[    6689ms] [ERROR] Failed to load resource: the server responded with a status of 400 () @ https://eb2.3lift.com/getuid?gdpr=0&gdpr_consent=&redir=https%3A%2F%2Fvisitor.us-east4.gcp.omnitagjs.com%2Fvisitor%2Fsync%3Fgdpr%3D0%26gdpr_consent%3D%26is_cookie_sync_uid%3D1%26name%3DTRIPLELIFT_cookie_sync%26ttl%3D720%26uid%3D771bebe2d6221e9ca65e16ebf8d2f6f3%26visitor%3D%24UID:0
[    1802ms] [ERROR] Failed to load resource: net::ERR_CONNECTION_REFUSED @ https://sync.cootlogix.com/api/cookie?partnerId=openx&userId=bd1e4c8f-082e-4954-808a-365359bb4b53:0
[    5618ms] [WARNING] The key "target-densitydpi" is not supported. @ https://s-static.innovid.com/mobileapps/s/js/vpaid/23s33h?cb=9a893acd-67d7-b587-dec6-8e7cfb840c1d&deviceid=&ivc=ivc_bundle%3D%26ivc_geo_zip_us%3D60637%26audience_id%3D188392396%26iv_geo_dma%3D602%26iv_geo_country%3DUS%26iv_geo_city%3Dchicago%26iv_geo_state%3D%26iv_geo_zip%3D60637%26iv_geo_lat%3D41.7821%26iv_geo_lon%3D-87.6046%26iv_weather_temp_c%3D4%26iv_weather_code%3D122%26:31
[    5618ms] [WARNING] The key "target-densitydpi" is not supported. @ https://s-static.innovid.com/mobileapps/s/js/vpaid/23s33h?cb=9a893acd-67d7-b587-dec6-8e7cfb840c1d&deviceid=&ivc=ivc_bundle%3D%26ivc_geo_zip_us%3D60637%26audience_id%3D188392396%26iv_geo_dma%3D602%26iv_geo_country%3DUS%26iv_geo_city%3Dchicago%26iv_geo_state%3D%26iv_geo_zip%3D60637%26iv_geo_lat%3D41.7821%26iv_geo_lon%3D-87.6046%26iv_weather_temp_c%3D4%26iv_weather_code%3D122%26:31
[    1802ms] [ERROR] Failed to load resource: net::ERR_CONNECTION_REFUSED @ https://sync.cootlogix.com/api/cookie?partnerId=openx&userId=bd1e4c8f-082e-4954-808a-365359bb4b53:0
[    4265ms] [ERROR] Failed to load resource: net::ERR_CONNECTION_REFUSED @ https://sync.cootlogix.com/api/cookie?partnerId=omg-carbonatix&gdpr=%%gdpr%%&gdpr_consent=%%gdprConsent%%&us_privacy=%%usPrivacy%%&userId=c832b7b7-303e-457a-b90c-929c66d57b76:0
[    4280ms] [ERROR] Failed to load resource: the server responded with a status of 404 () @ https://cs.krushmedia.com/4831fbf13dd518a56346a6e0ec8ba9d5.gif?puid=ID5-1-23b5eec2-be02-440e-91a1-e10cec72f472&redir=https%3A%2F%2Fsync.inmobi.com%2Fsetuid%3FbidderID%3D1315%26dspUserId%3D%5BUID%5D&gdpr=0&gdpr_consent=:0
[    7215ms] [ERROR] Failed to load resource: the server responded with a status of 400 (Bad Request) @ https://cpm.vistarsagency.com/user-sync?zone=297502&t=image&r=https%3A%2F%2Fprebid.admatic.de%2Fsetuid%3Fbidder%3Dvistar%26gdpr%3D%26gdpr_consent%3D%26f%3Di%26uid%3D%7BUID%7D:0
[    7244ms] [ERROR] Attestation check for Shared Storage on https://www.googleadservices.com failed. @ https://www.googleadservices.com/pagead/managed/js/activeview/current/reach_worklet.html:0
[    1802ms] [ERROR] Failed to load resource: net::ERR_CONNECTION_REFUSED @ https://sync.cootlogix.com/api/cookie?partnerId=openx&userId=bd1e4c8f-082e-4954-808a-365359bb4b53:0
[    7272ms] [ERROR] Failed to load resource: the server responded with a status of 404 () @ https://cs.krushmedia.com/4831fbf13dd518a56346a6e0ec8ba9d5.gif?puid=ID5-1-23b5eec2-be02-440e-91a1-e10cec72f472&redir=https%3A%2F%2Fsync.inmobi.com%2Fsetuid%3FbidderID%3D1315%26dspUserId%3D%5BUID%5D&gdpr=0&gdpr_consent=:0
[    7244ms] [ERROR] Attestation check for Shared Storage on https://www.googleadservices.com failed. @ https://www.googleadservices.com/pagead/managed/js/activeview/current/reach_worklet.html:0
[    7288ms] [ERROR] Attestation check for Shared Storage on https://www.googleadservices.com failed. @ https://www.googleadservices.com/pagead/managed/js/activeview/current/reach_worklet.html:0
[    4265ms] [ERROR] Failed to load resource: net::ERR_CONNECTION_REFUSED @ https://sync.cootlogix.com/api/cookie?partnerId=omg-carbonatix&gdpr=%%gdpr%%&gdpr_consent=%%gdprConsent%%&us_privacy=%%usPrivacy%%&userId=c832b7b7-303e-457a-b90c-929c66d57b76:0
[    4280ms] [ERROR] Failed to load resource: the server responded with a status of 404 () @ https://cs.krushmedia.com/4831fbf13dd518a56346a6e0ec8ba9d5.gif?puid=ID5-1-23b5eec2-be02-440e-91a1-e10cec72f472&redir=https%3A%2F%2Fsync.inmobi.com%2Fsetuid%3FbidderID%3D1315%26dspUserId%3D%5BUID%5D&gdpr=0&gdpr_consent=:0
[    7272ms] [ERROR] Failed to load resource: the server responded with a status of 404 () @ https://cs.krushmedia.com/4831fbf13dd518a56346a6e0ec8ba9d5.gif?puid=ID5-1-23b5eec2-be02-440e-91a1-e10cec72f472&redir=https%3A%2F%2Fsync.inmobi.com%2Fsetuid%3FbidderID%3D1315%26dspUserId%3D%5BUID%5D&gdpr=0&gdpr_consent=:0
