[    1444ms] [ERROR] Failed to load resource: the server responded with a status of 401 () @ https://www.theverge.com/blaize/datalayer:0
[    2238ms] [ERROR] Failed to load resource: the server responded with a status of 403 () @ https://dyv1bugovvq1g.cloudfront.net/113/www.theverge.com/2023/6/5/23749845/hahahahah-what.js:0
[    2241ms] [LOG] trackPageView success @ https://www.theverge.com/_next/static/chunks/pages/_app-652b7614e964e869.js:193
[    2451ms] [ERROR] Attestation check for Attribution Reporting on https://www.facebook.com failed. @ https://www.theverge.com/2023/6/5/23749845/hahahahah-what:0
[    2657ms] [ERROR] Attestation check for Attribution Reporting on https://www.facebook.com failed. @ https://www.theverge.com/2023/6/5/23749845/hahahahah-what:0
[    2665ms] [ERROR] Attestation check for Attribution Reporting on https://www.facebook.com failed. @ https://www.theverge.com/2023/6/5/23749845/hahahahah-what:0
[    2665ms] [ERROR] Attestation check for Attribution Reporting on https://www.facebook.com failed. @ https://www.theverge.com/2023/6/5/23749845/hahahahah-what:0
[    2670ms] [ERROR] Attestation check for Attribution Reporting on https://www.facebook.com failed. @ https://www.theverge.com/2023/6/5/23749845/hahahahah-what:0
[    2697ms] [LOG] DEBUG - (ATS-ENVELOPE-MODULE) ats-set-additional-data event set up. @ https://www.theverge.com/_next/static/chunks/pages/_app-652b7614e964e869.js:193
[    2697ms] [LOG] DEBUG - (ATS-ENVELOPE-MODULE) There is no google_ssp envelope in storage. @ https://www.theverge.com/_next/static/chunks/pages/_app-652b7614e964e869.js:193
[    2697ms] [LOG] DEBUG - (ATS-ENVELOPE-MODULE) There is no liveramp envelope in storage. @ https://www.theverge.com/_next/static/chunks/pages/_app-652b7614e964e869.js:193
[    2708ms] [INFO] INFO - (ATS-ENVELOPE-MODULE) (Geo location) consent check not passed @ https://www.theverge.com/_next/static/chunks/pages/_app-652b7614e964e869.js:193
[    2708ms] [INFO] INFO - (ATS-ENVELOPE-MODULE) (Geo location) persisted cached location data @ https://www.theverge.com/_next/static/chunks/pages/_app-652b7614e964e869.js:193
[    2708ms] [LOG] DEBUG - (ATS-ENVELOPE-MODULE) Consent is given, module will start! @ https://www.theverge.com/_next/static/chunks/pages/_app-652b7614e964e869.js:193
[    2709ms] [INFO] INFO - (ATS-ENVELOPE-MODULE) (Geo location) persisted cached location data @ https://www.theverge.com/_next/static/chunks/pages/_app-652b7614e964e869.js:193
[    2709ms] [LOG] DEBUG - (ATS-ENVELOPE-MODULE) LIVERAMP envelope not found in storage! New envelope will be acquired. @ https://www.theverge.com/_next/static/chunks/pages/_app-652b7614e964e869.js:193
[    2709ms] [INFO] INFO - (ATS-ENVELOPE-MODULE) Catching identifier configured. @ https://www.theverge.com/_next/static/chunks/pages/_app-652b7614e964e869.js:193
[    2709ms] [INFO] INFO - (ATS-ENVELOPE-MODULE) Envelope-module is configured. @ https://www.theverge.com/_next/static/chunks/pages/_app-652b7614e964e869.js:193
[    3044ms] [INFO] INFO - (ATS-DETECTION-MODULE) (Geo location) persisted cached location data @ https://www.theverge.com/_next/static/chunks/pages/_app-652b7614e964e869.js:193
[    3044ms] [LOG] DEBUG - (ATS-DETECTION-MODULE) Consent is given, module will start! @ https://www.theverge.com/_next/static/chunks/pages/_app-652b7614e964e869.js:193
[    3044ms] [INFO] INFO - (ATS-DETECTION-MODULE) (Geo location) persisted cached location data @ https://www.theverge.com/_next/static/chunks/pages/_app-652b7614e964e869.js:193
[    3255ms] [LOG] DEBUG - (ATS-DETECTION-MODULE) Started urlAndScrape detection! @ https://www.theverge.com/_next/static/chunks/pages/_app-652b7614e964e869.js:193
[    3256ms] [LOG] DEBUG - (ATS-DETECTION-MODULE) There is no such url parameter. 
 Tried to fetch: email @ https://www.theverge.com/_next/static/chunks/pages/_app-652b7614e964e869.js:193
[    3256ms] [LOG] DEBUG - (ATS-DETECTION-MODULE) There is no such url parameter. 
 Tried to fetch: hashedPid @ https://www.theverge.com/_next/static/chunks/pages/_app-652b7614e964e869.js:193
[    3256ms] [INFO] INFO - (ATS-DETECTION-MODULE) Detection started! Library is configured to detect:  [email, pidHashes] @ https://www.theverge.com/_next/static/chunks/pages/_app-652b7614e964e869.js:193
[    3256ms] [INFO] INFO - (ATS-DETECTION-MODULE) Detection event type is  onsubmit @ https://www.theverge.com/_next/static/chunks/pages/_app-652b7614e964e869.js:193
[    3330ms] [ERROR] Attestation check for Shared Storage on https://www.googleadservices.com failed. @ https://www.googleadservices.com/pagead/managed/js/activeview/current/reach_worklet.html:0
[    3367ms] [LOG] DEBUG - (ATS-DETECTION-MODULE) Detected dynamically added nodes. @ https://www.theverge.com/_next/static/chunks/pages/_app-652b7614e964e869.js:193
[    3510ms] [LOG] DEBUG - (ATS-DETECTION-MODULE) Detected dynamically added nodes. @ https://www.theverge.com/_next/static/chunks/pages/_app-652b7614e964e869.js:193
[    3657ms] [LOG] DEBUG - (ATS-DETECTION-MODULE) Detected dynamically added nodes. @ https://www.theverge.com/_next/static/chunks/pages/_app-652b7614e964e869.js:193
[    3657ms] [LOG] DEBUG - (ATS-DETECTION-MODULE) Detected dynamically added nodes. @ https://www.theverge.com/_next/static/chunks/pages/_app-652b7614e964e869.js:193
[    3714ms] [INFO] INFO - (ATS-ENVELOPE-MODULE) We have dispatched envelopeModuleReady event again! @ https://www.theverge.com/_next/static/chunks/pages/_app-652b7614e964e869.js:193
[    3714ms] [INFO] INFO - (ATS-ENVELOPE-MODULE) How many times we have dispatched event envelopeModuleReady:  2 @ https://www.theverge.com/_next/static/chunks/pages/_app-652b7614e964e869.js:193
[    4321ms] [LOG] DEBUG - (ATS-DETECTION-MODULE) Detected dynamically added nodes. @ https://www.theverge.com/_next/static/chunks/pages/_app-652b7614e964e869.js:193
[    4713ms] [INFO] INFO - (ATS-ENVELOPE-MODULE) We have dispatched envelopeModuleReady event again! @ https://www.theverge.com/_next/static/chunks/pages/_app-652b7614e964e869.js:193
[    4713ms] [INFO] INFO - (ATS-ENVELOPE-MODULE) How many times we have dispatched event envelopeModuleReady:  3 @ https://www.theverge.com/_next/static/chunks/pages/_app-652b7614e964e869.js:193
[    4826ms] [LOG] DEBUG - (ATS-DETECTION-MODULE) Detected dynamically added nodes. @ https://www.theverge.com/_next/static/chunks/pages/_app-652b7614e964e869.js:193
[    4830ms] [LOG] DEBUG - (ATS-DETECTION-MODULE) Detected dynamically added nodes. @ https://www.theverge.com/_next/static/chunks/pages/_app-652b7614e964e869.js:193
[    4831ms] [LOG] DEBUG - (ATS-DETECTION-MODULE) Detected dynamically added nodes. @ https://www.theverge.com/_next/static/chunks/pages/_app-652b7614e964e869.js:193
[    4832ms] [LOG] DEBUG - (ATS-DETECTION-MODULE) Detected dynamically added nodes. @ https://www.theverge.com/_next/static/chunks/pages/_app-652b7614e964e869.js:193
[    4833ms] [LOG] DEBUG - (ATS-DETECTION-MODULE) Detected dynamically added nodes. @ https://www.theverge.com/_next/static/chunks/pages/_app-652b7614e964e869.js:193
[    4834ms] [LOG] DEBUG - (ATS-DETECTION-MODULE) Detected dynamically added nodes. @ https://www.theverge.com/_next/static/chunks/pages/_app-652b7614e964e869.js:193
[    4835ms] [LOG] DEBUG - (ATS-DETECTION-MODULE) Detected dynamically added nodes. @ https://www.theverge.com/_next/static/chunks/pages/_app-652b7614e964e869.js:193
